// Jest Snapshot v1, https://goo.gl/fbAQLP

exports[`AuthenticationScreen renders correctly 1`] = `
<View
  accessibilityIgnoresInvertColors={true}
  style={
    {
      "flex": 1,
      "justifyContent": "center",
      "resizeMode": "cover",
    }
  }
>
  <Image
    source={1}
    style={
      [
        {
          "bottom": 0,
          "left": 0,
          "position": "absolute",
          "right": 0,
          "top": 0,
        },
        {
          "height": undefined,
          "width": undefined,
        },
        undefined,
      ]
    }
  />
  <View
    onLayout={[Function]}
    style={
      [
        {
          "flex": 1,
        },
        {
          "paddingBottom": 0,
        },
      ]
    }
  >
    <View
      style={
        {
          "alignItems": "center",
          "flex": 1,
          "justifyContent": "center",
        }
      }
    >
      <View
        style={
          {
            "backgroundColor": "rgba(255, 255, 255, 0.9)",
            "borderRadius": 10,
            "padding": 20,
            "width": "80%",
          }
        }
      >
        <TextInput
          onChangeText={[Function]}
          placeholder="Email"
          placeholderTextColor="#888"
          style={
            {
              "borderBottomWidth": 1,
              "borderColor": "#ccc",
              "color": "#000",
              "fontSize": 16,
              "height": 40,
              "marginBottom": 10,
            }
          }
          value=""
        />
        <TextInput
          onChangeText={[Function]}
          placeholder="Password"
          placeholderTextColor="#888"
          secureTextEntry={true}
          style={
            {
              "borderBottomWidth": 1,
              "borderColor": "#ccc",
              "color": "#000",
              "fontSize": 16,
              "height": 40,
              "marginBottom": 10,
            }
          }
          value=""
        />
        <View
          accessibilityState={
            {
              "busy": undefined,
              "checked": undefined,
              "disabled": undefined,
              "expanded": undefined,
              "selected": undefined,
            }
          }
          accessibilityValue={
            {
              "max": undefined,
              "min": undefined,
              "now": undefined,
              "text": undefined,
            }
          }
          accessible={true}
          collapsable={false}
          focusable={true}
          onClick={[Function]}
          onResponderGrant={[Function]}
          onResponderMove={[Function]}
          onResponderRelease={[Function]}
          onResponderTerminate={[Function]}
          onResponderTerminationRequest={[Function]}
          onStartShouldSetResponder={[Function]}
          style={
            {
              "opacity": 1,
            }
          }
        >
          <Text
            style={
              {
                "color": "#2d572c",
                "marginBottom": 20,
                "textAlign": "right",
              }
            }
          >
            Forgot password ?
          </Text>
        </View>
        <View
          accessibilityState={
            {
              "busy": undefined,
              "checked": undefined,
              "disabled": undefined,
              "expanded": undefined,
              "selected": undefined,
            }
          }
          accessibilityValue={
            {
              "max": undefined,
              "min": undefined,
              "now": undefined,
              "text": undefined,
            }
          }
          accessible={true}
          collapsable={false}
          focusable={true}
          onClick={[Function]}
          onResponderGrant={[Function]}
          onResponderMove={[Function]}
          onResponderRelease={[Function]}
          onResponderTerminate={[Function]}
          onResponderTerminationRequest={[Function]}
          onStartShouldSetResponder={[Function]}
          style={
            {
              "alignItems": "center",
              "backgroundColor": "#2d572c",
              "borderRadius": 10,
              "marginBottom": 10,
              "opacity": 1,
              "padding": 15,
            }
          }
        >
          <Text
            style={
              {
                "color": "#fff",
                "fontSize": 16,
                "fontWeight": "bold",
              }
            }
          >
            Login
          </Text>
        </View>
        <View
          accessibilityState={
            {
              "busy": undefined,
              "checked": undefined,
              "disabled": undefined,
              "expanded": undefined,
              "selected": undefined,
            }
          }
          accessibilityValue={
            {
              "max": undefined,
              "min": undefined,
              "now": undefined,
              "text": undefined,
            }
          }
          accessible={true}
          collapsable={false}
          focusable={true}
          onClick={[Function]}
          onResponderGrant={[Function]}
          onResponderMove={[Function]}
          onResponderRelease={[Function]}
          onResponderTerminate={[Function]}
          onResponderTerminationRequest={[Function]}
          onStartShouldSetResponder={[Function]}
          style={
            {
              "alignItems": "center",
              "backgroundColor": "#FDA701",
              "borderRadius": 10,
              "opacity": 1,
              "padding": 15,
            }
          }
        >
          <Text
            style={
              {
                "color": "#fff",
                "fontSize": 16,
                "fontWeight": "bold",
              }
            }
          >
            Register
          </Text>
        </View>
      </View>
    </View>
  </View>
</View>
`;
